This file contains any messages produced by compilers while
running configure, to aid debugging if configure makes a mistake.

It was created by mmlic configure 1.5.2, which was
generated by GNU Autoconf 2.69.  Invocation command line was

  $ ./configure 

## --------- ##
## Platform. ##
## --------- ##

hostname = amdatrix.local
uname -m = x86_64
uname -r = 17.6.0
uname -s = Darwin
uname -v = Darwin Kernel Version 17.6.0: Tue May  8 15:22:16 PDT 2018; root:xnu-4570.61.1~1/RELEASE_X86_64

/usr/bin/uname -p = i386
/bin/uname -X     = unknown

/bin/arch              = unknown
/usr/bin/arch -k       = unknown
/usr/convex/getsysinfo = unknown
/usr/bin/hostinfo      = Mach kernel version:
	 Darwin Kernel Version 17.6.0: Tue May  8 15:22:16 PDT 2018; root:xnu-4570.61.1~1/RELEASE_X86_64
Kernel configured for up to 12 processors.
6 processors are physically available.
12 processors are logically available.
Processor type: i486 (Intel 80486)
Processors active: 0 1 2 3 4 5 6 7 8 9 10 11
Primary memory available: 32.00 gigabytes
Default processor set: 391 tasks, 1517 threads, 12 processors
Load average: 2.84, Mach factor: 9.15
/bin/machine           = unknown
/usr/bin/oslevel       = unknown
/bin/universe          = unknown

PATH: /usr/local/sbin
PATH: /usr/local/bin
PATH: /usr/bin
PATH: /bin
PATH: /usr/sbin
PATH: /sbin
PATH: /usr/local/git/bin
PATH: /usr/X11/bin


## ----------- ##
## Core tests. ##
## ----------- ##

configure:1903: checking build system type
configure:1917: result: i686-apple-darwin17.6.0
configure:1937: checking host system type
configure:1950: result: i686-apple-darwin17.6.0
configure:2085: checking for gcc
configure:2112: result: clang
configure:2341: checking for C compiler version
configure:2350: clang --version >&5
Apple LLVM version 9.1.0 (clang-902.0.39.2)
Target: x86_64-apple-darwin17.6.0
Thread model: posix
InstalledDir: /Applications/Xcode.app/Contents/Developer/Toolchains/XcodeDefault.xctoolchain/usr/bin
configure:2361: $? = 0
configure:2350: clang -v >&5
Apple LLVM version 9.1.0 (clang-902.0.39.2)
Target: x86_64-apple-darwin17.6.0
Thread model: posix
InstalledDir: /Applications/Xcode.app/Contents/Developer/Toolchains/XcodeDefault.xctoolchain/usr/bin
configure:2361: $? = 0
configure:2350: clang -V >&5
clang: error: argument to '-V' is missing (expected 1 value)
clang: error: no input files
configure:2361: $? = 1
configure:2350: clang -qversion >&5
clang: error: unknown argument: '-qversion'
clang: error: no input files
configure:2361: $? = 1
configure:2381: checking whether the C compiler works
configure:2403: clang  -D_REENTRANT=1 -DDARWIN=1 -arch x86_64  -framework CoreFoundation -framework IOKit -framework Security -F/Library/Frameworks -F /Library/Frameworks  conftest.c  -Lsrc >&5
configure:2407: $? = 0
configure:2455: result: yes
configure:2458: checking for C compiler default output file name
configure:2460: result: a.out
configure:2466: checking for suffix of executables
configure:2473: clang -o conftest  -D_REENTRANT=1 -DDARWIN=1 -arch x86_64  -framework CoreFoundation -framework IOKit -framework Security -F/Library/Frameworks -F /Library/Frameworks  conftest.c  -Lsrc >&5
configure:2477: $? = 0
configure:2499: result: 
configure:2521: checking whether we are cross compiling
configure:2529: clang -o conftest  -D_REENTRANT=1 -DDARWIN=1 -arch x86_64  -framework CoreFoundation -framework IOKit -framework Security -F/Library/Frameworks -F /Library/Frameworks  conftest.c  -Lsrc >&5
configure:2533: $? = 0
configure:2540: ./conftest
configure:2544: $? = 0
configure:2559: result: no
configure:2564: checking for suffix of object files
configure:2586: clang -c  -D_REENTRANT=1 -DDARWIN=1 -arch x86_64  conftest.c >&5
configure:2590: $? = 0
configure:2611: result: o
configure:2615: checking whether we are using the GNU C compiler
configure:2634: clang -c  -D_REENTRANT=1 -DDARWIN=1 -arch x86_64  conftest.c >&5
configure:2634: $? = 0
configure:2643: result: yes
configure:2652: checking whether clang accepts -g
configure:2672: clang -c -g  conftest.c >&5
configure:2672: $? = 0
configure:2713: result: yes
configure:2730: checking for clang option to accept ISO C89
configure:2793: clang  -c  -D_REENTRANT=1 -DDARWIN=1 -arch x86_64  conftest.c >&5
configure:2793: $? = 0
configure:2806: result: none needed
configure:2840: checking for a BSD-compatible install
configure:2908: result: /usr/bin/install -c
configure:2962: checking for ranlib
configure:2989: result: ranlib
configure:3018: checking for ulib_cpu_count in -lulib
configure:3043: clang -o conftest  -D_REENTRANT=1 -DDARWIN=1 -arch x86_64  -framework CoreFoundation -framework IOKit -framework Security -F/Library/Frameworks -F /Library/Frameworks  conftest.c -lulib   -Lsrc >&5
ld: library not found for -lulib
clang: error: linker command failed with exit code 1 (use -v to see invocation)
configure:3043: $? = 1
configure: failed program was:
| /* confdefs.h */
| #define PACKAGE_NAME "mmlic"
| #define PACKAGE_TARNAME "mmlic"
| #define PACKAGE_VERSION "1.5.2"
| #define PACKAGE_STRING "mmlic 1.5.2"
| #define PACKAGE_BUGREPORT "andreas@fink.org"
| #define PACKAGE_URL ""
| /* end confdefs.h.  */
| 
| /* Override any GCC internal prototype to avoid an error.
|    Use char because int might match the return type of a GCC
|    builtin and then its argument prototype would still apply.  */
| #ifdef __cplusplus
| extern "C"
| #endif
| char ulib_cpu_count ();
| int
| main ()
| {
| return ulib_cpu_count ();
|   ;
|   return 0;
| }
configure:3052: result: no
configure:3226: creating ./config.status

## ---------------------- ##
## Running config.status. ##
## ---------------------- ##

This file was extended by mmlic config.status 1.5.2, which was
generated by GNU Autoconf 2.69.  Invocation command line was

  CONFIG_FILES    = 
  CONFIG_HEADERS  = 
  CONFIG_LINKS    = 
  CONFIG_COMMANDS = 
  $ ./config.status 

on amdatrix.local

config.status:812: creating Makefile.osx
config.status:812: creating Makefile.linux
config.status:812: creating version.h
config.status:812: creating uliblicense.pc
config.status:812: creating mmlic_config.h
config.status:987: mmlic_config.h is unchanged

## ---------------- ##
## Cache variables. ##
## ---------------- ##

ac_cv_build=i686-apple-darwin17.6.0
ac_cv_c_compiler_gnu=yes
ac_cv_env_CC_set=set
ac_cv_env_CC_value=clang
ac_cv_env_CFLAGS_set=
ac_cv_env_CFLAGS_value=
ac_cv_env_CPPFLAGS_set=
ac_cv_env_CPPFLAGS_value=
ac_cv_env_LDFLAGS_set=
ac_cv_env_LDFLAGS_value=
ac_cv_env_LIBS_set=
ac_cv_env_LIBS_value=
ac_cv_env_build_alias_set=
ac_cv_env_build_alias_value=
ac_cv_env_host_alias_set=
ac_cv_env_host_alias_value=
ac_cv_env_target_alias_set=
ac_cv_env_target_alias_value=
ac_cv_host=i686-apple-darwin17.6.0
ac_cv_lib_ulib_ulib_cpu_count=no
ac_cv_objext=o
ac_cv_path_install='/usr/bin/install -c'
ac_cv_prog_ac_ct_CC=clang
ac_cv_prog_ac_ct_RANLIB=ranlib
ac_cv_prog_cc_c89=
ac_cv_prog_cc_g=yes

## ----------------- ##
## Output variables. ##
## ----------------- ##

AUTHOR='Andreas Fink <andreas@fink.org>'
CC='clang'
CFLAGS=' -D_REENTRANT=1 -DDARWIN=1 -arch x86_64 -Os -DMMLIC_CONFIG=Release'
CONFIG_DEFINE='MMLIC_CONFIG'
CONFIG_HEADER='mmlic_config.h'
COPYRIGHT='Copyright 2016 Andreas Fink'
CPPFLAGS=''
DEFS='-DHAVE_CONFIG_H'
ECHO_C='\c'
ECHO_N=''
ECHO_T=''
EXEEXT=''
EXE_EXT=''
INSTALL_DATA='${INSTALL} -m 644'
INSTALL_PROGRAM='${INSTALL}'
INSTALL_SCRIPT='${INSTALL}'
LDFLAGS='-framework CoreFoundation -framework IOKit -framework Security -F/Library/Frameworks -F /Library/Frameworks '
LIBOBJS=''
LIBS=' -Lsrc'
LIBTOOL='libtool -static -o'
LTLIBOBJS=''
MAJORVER='1'
MINORVER='10'
OBJEXT='o'
PACKAGE_BUGREPORT='andreas@fink.org'
PACKAGE_NAME='mmlic'
PACKAGE_STRING='mmlic 1.5.2'
PACKAGE_TARNAME='mmlic'
PACKAGE_URL=''
PACKAGE_VERSION='1.5.2'
PATH_SEPARATOR=':'
PROJECT_NAME='mmlic'
RANLIB='ranlib'
REVISION='0'
SHARED_LIBRARY_EXTENSION=''
SHELL='/bin/sh'
VERSION='1.10.0'
ac_ct_CC='clang'
bindir='${exec_prefix}/bin'
build='i686-apple-darwin17.6.0'
build_alias=''
build_cpu='i686'
build_os='darwin17.6.0'
build_vendor='apple'
datadir='${datarootdir}'
datarootdir='${prefix}/share'
docdir='${datarootdir}/doc/${PACKAGE_TARNAME}'
dvidir='${docdir}'
exec_prefix='${prefix}'
host='i686-apple-darwin17.6.0'
host_alias=''
host_cpu='i686'
host_os='darwin17.6.0'
host_vendor='apple'
htmldir='${docdir}'
includedir='${prefix}/include'
infodir='${datarootdir}/info'
libdir='${exec_prefix}/lib'
libexecdir='${exec_prefix}/libexec'
localedir='${datarootdir}/locale'
localstatedir='${prefix}/var'
mandir='${datarootdir}/man'
oldincludedir='/usr/include'
pdfdir='${docdir}'
prefix='/usr/local'
program_transform_name='s,x,x,'
psdir='${docdir}'
sbindir='${exec_prefix}/sbin'
sharedstatedir='${prefix}/com'
sysconfdir='${prefix}/etc'
target_alias=''

## ----------- ##
## confdefs.h. ##
## ----------- ##

/* confdefs.h */
#define PACKAGE_NAME "mmlic"
#define PACKAGE_TARNAME "mmlic"
#define PACKAGE_VERSION "1.5.2"
#define PACKAGE_STRING "mmlic 1.5.2"
#define PACKAGE_BUGREPORT "andreas@fink.org"
#define PACKAGE_URL ""

configure: exit 0
